exports[`introSignUpPageReducer returns the initial state 1`] = `
Object {
  "isLoading": false,
  "signUpErrorMessage": null,
  "signUpStep": "TermsForm",
  "topicList": Array [],
}
`;
