exports[`passwordResetPageReducer returns the initial state 1`] = `
Object {
  "email": "",
  "passwordKey": "",
  "validate": null,
  "validateLoading": true,
}
`;
