exports[`questionReducer should return the initial state 1`] = `
Object {
  "followers": null,
  "initialContent": null,
  "initialTitle": null,
  "initialTopics": null,
  "isFollowerModalOpened": false,
  "isFollowersLoading": false,
  "isQuestionEditFormModalOpened": false,
  "isQuestionFormModalOpened": false,
  "isQuestionUploadError": false,
  "isQuestionUploading": false,
  "questionID": null,
}
`;
